188.34.158.0 - - [19/Apr/2022:01:03:46 +0200] "GET / HTTP/1.1" 301 234 lutonairport.taxi "-" "page-preview-tool Mozilla/5.0 (Windows NT 10.0; Win64; x64) AppleWebKit/537.36 (KHTML, like Gecko) Chrome/80.0.3987.132 Safari/537.36" "-"
188.34.158.0 - - [19/Apr/2022:01:03:46 +0200] "GET / HTTP/1.1" 200 38871 lutonairport.taxi "-" "page-preview-tool Mozilla/5.0 (Windows NT 10.0; Win64; x64) AppleWebKit/537.36 (KHTML, like Gecko) Chrome/80.0.3987.132 Safari/537.36" "-"
82.165.87.0 - - [19/Apr/2022:01:03:47 +0200] "POST /wp-cron.php?doing_wp_cron=1650323027.1254529953002929687500 HTTP/1.1" 200 - lutonairport.taxi "https://lutonairport.taxi/wp-cron.php?doing_wp_cron=1650323027.1254529953002929687500" "WordPress/5.4.10; https://lutonairport.taxi" "-"
18.237.106.0 - - [19/Apr/2022:01:06:52 +0200] "GET / HTTP/1.1" 301 234 lutonairport.taxi "-" "Mozilla/5.0 (Windows NT 10.0; Win64; x64)AppleWebKit/537.36 (KHTML, like Gecko) Chrome/66.0.3359.181 Safari/537.36" "-"
18.237.106.0 - - [19/Apr/2022:01:06:53 +0200] "GET / HTTP/1.1" 200 38871 lutonairport.taxi "-" "Mozilla/5.0 (Windows NT 10.0; Win64; x64)AppleWebKit/537.36 (KHTML, like Gecko) Chrome/66.0.3359.181 Safari/537.36" "-"
114.119.131.0 - - [19/Apr/2022:01:11:56 +0200] "GET /robots.txt HTTP/1.1" 301 244 lutonairport.taxi "-" "Mozilla/5.0 (compatible;PetalBot;+https://webmaster.petalsearch.com/site/petalbot)" "-"
114.119.131.0 - - [19/Apr/2022:01:11:57 +0200] "GET /robots.txt HTTP/1.1" 200 67 lutonairport.taxi "-" "Mozilla/5.0 (compatible;PetalBot;+https://webmaster.petalsearch.com/site/petalbot)" "-"
114.119.132.0 - - [19/Apr/2022:01:16:59 +0200] "GET /robots.txt HTTP/1.1" 200 67 lutonairport.taxi "-" "Mozilla/5.0 (compatible;PetalBot;+https://webmaster.petalsearch.com/site/petalbot)" "-"
162.241.123.0 - - [19/Apr/2022:01:39:47 +0200] "POST /xmlrpc.php HTTP/1.1" 200 403 lutonairport.taxi "-" "Mozilla/5.0 (Linux; arm_64; Android 11; SM-A325F) AppleWebKit/537.36 (KHTML, like Gecko) Chrome/96.0.4664.174 YaApp_Android/22.15.1 YaSearchBrowser/22.15.1 BroPP/1.0 SA/3 Mobile Safari/537.36 wp-android/19.5" "-"
82.165.87.0 - - [19/Apr/2022:01:39:48 +0200] "POST /wp-cron.php?doing_wp_cron=1650325188.2630329132080078125000 HTTP/1.1" 200 - lutonairport.taxi "https://lutonairport.taxi/wp-cron.php?doing_wp_cron=1650325188.2630329132080078125000" "WordPress/5.4.10; https://lutonairport.taxi" "-"
62.138.3.0 - - [19/Apr/2022:02:13:03 +0200] "POST /xmlrpc.php HTTP/1.1" 200 403 lutonairport.taxi "-" "Mozilla/5.0 (Linux; Android 10; Redmi Note 8) AppleWebKit/537.36 (KHTML, like Gecko) Chrome/90.0.4430.91 Mobile Safari/537.36 wp-android/19.5" "-"
40.77.167.0 - - [19/Apr/2022:02:17:26 +0200] "GET /robots.txt HTTP/1.1" 200 67 lutonairport.taxi "-" "Mozilla/5.0 (compatible; bingbot/2.0; +http://www.bing.com/bingbot.htm)" "-"
207.46.13.0 - - [19/Apr/2022:02:17:37 +0200] "GET / HTTP/1.1" 200 38871 lutonairport.taxi "-" "Mozilla/5.0 (compatible; bingbot/2.0; +http://www.bing.com/bingbot.htm)" "-"
66.249.66.0 - - [19/Apr/2022:03:28:50 +0200] "GET /robots.txt HTTP/1.1" 301 244 lutonairport.taxi "-" "Mozilla/5.0 (compatible; Googlebot/2.1; +http://www.google.com/bot.html)" "-"
66.249.66.0 - - [19/Apr/2022:03:28:51 +0200] "GET /robots.txt HTTP/1.1" 200 67 lutonairport.taxi "-" "Mozilla/5.0 (compatible; Googlebot/2.1; +http://www.google.com/bot.html)" "-"
66.249.66.0 - - [19/Apr/2022:03:29:17 +0200] "GET /contact HTTP/1.1" 301 241 lutonairport.taxi "-" "Mozilla/5.0 (Linux; Android 6.0.1; Nexus 5X Build/MMB29P) AppleWebKit/537.36 (KHTML, like Gecko) Chrome/99.0.4844.84 Mobile Safari/537.36 (compatible; Googlebot/2.1; +http://www.google.com/bot.html)" "-"
82.165.87.0 - - [19/Apr/2022:03:30:15 +0200] "POST /wp-cron.php?doing_wp_cron=1650331815.9030709266662597656250 HTTP/1.1" 200 - lutonairport.taxi "https://lutonairport.taxi/wp-cron.php?doing_wp_cron=1650331815.9030709266662597656250" "WordPress/5.4.10; https://lutonairport.taxi" "-"
66.249.66.0 - - [19/Apr/2022:03:30:15 +0200] "GET /contact HTTP/1.1" 301 - lutonairport.taxi "-" "Mozilla/5.0 (Linux; Android 6.0.1; Nexus 5X Build/MMB29P) AppleWebKit/537.36 (KHTML, like Gecko) Chrome/99.0.4844.84 Mobile Safari/537.36 (compatible; Googlebot/2.1; +http://www.google.com/bot.html)" "-"
66.249.66.0 - - [19/Apr/2022:03:30:44 +0200] "GET /contact_us/ HTTP/1.1" 200 24283 lutonairport.taxi "-" "Mozilla/5.0 (Linux; Android 6.0.1; Nexus 5X Build/MMB29P) AppleWebKit/537.36 (KHTML, like Gecko) Chrome/99.0.4844.84 Mobile Safari/537.36 (compatible; Googlebot/2.1; +http://www.google.com/bot.html)" "-"
66.249.66.0 - - [19/Apr/2022:03:31:57 +0200] "GET / HTTP/1.1" 200 38871 lutonairport.taxi "-" "Mozilla/5.0 (compatible; Googlebot/2.1; +http://www.google.com/bot.html)" "-"
198.54.120.0 - - [19/Apr/2022:03:32:15 +0200] "POST /xmlrpc.php HTTP/1.1" 200 403 lutonairport.taxi "-" "Mozilla/5.0 (Linux; Android 10; SM-A105F) AppleWebKit/537.36 (KHTML, like Gecko) Chrome/87.0.4280.101 Safari/537.36 wp-android/19.5" "-"
66.249.66.0 - - [19/Apr/2022:03:32:24 +0200] "GET /wp-content/themes/lutontaxi/images/plane.svg HTTP/1.1" 200 2323 lutonairport.taxi "https://lutonairport.taxi/" "Mozilla/5.0 AppleWebKit/537.36 (KHTML, like Gecko; compatible; Googlebot/2.1; +http://www.google.com/bot.html) Chrome/100.0.4896.75 Safari/537.36" "-"
66.249.66.0 - - [19/Apr/2022:03:32:25 +0200] "GET /wp-content/themes/lutontaxi/images/gpay.svg HTTP/1.1" 200 2684 lutonairport.taxi "https://lutonairport.taxi/" "Mozilla/5.0 AppleWebKit/537.36 (KHTML, like Gecko; compatible; Googlebot/2.1; +http://www.google.com/bot.html) Chrome/100.0.4896.75 Safari/537.36" "-"
156.146.56.0 - - [19/Apr/2022:04:18:54 +0200] "GET / HTTP/1.1" 301 234 lutonairport.taxi "-" "Mozilla/5.0 (Windows NT 10.0; Win64; x64) AppleWebKit/537.36 (KHTML, like Gecko) Chrome/78.0.3904.108 Safari/537.36" "-"
82.165.87.0 - - [19/Apr/2022:04:18:56 +0200] "POST /wp-cron.php?doing_wp_cron=1650334736.6897048950195312500000 HTTP/1.1" 200 - lutonairport.taxi "https://lutonairport.taxi/wp-cron.php?doing_wp_cron=1650334736.6897048950195312500000" "WordPress/5.4.10; https://lutonairport.taxi" "-"
156.146.56.0 - - [19/Apr/2022:04:18:56 +0200] "GET / HTTP/1.1" 200 38871 lutonairport.taxi "-" "Mozilla/5.0 (Windows NT 10.0; Win64; x64) AppleWebKit/537.36 (KHTML, like Gecko) Chrome/78.0.3904.108 Safari/537.36" "-"
156.146.56.0 - - [19/Apr/2022:04:18:58 +0200] "GET //wp-includes/wlwmanifest.xml HTTP/1.1" 200 1045 lutonairport.taxi "-" "Mozilla/5.0 (Windows NT 10.0; Win64; x64) AppleWebKit/537.36 (KHTML, like Gecko) Chrome/78.0.3904.108 Safari/537.36" "-"
156.146.56.0 - - [19/Apr/2022:04:18:58 +0200] "GET //?author=1 HTTP/1.1" 301 - lutonairport.taxi "-" "Mozilla/5.0 (Windows NT 10.0; Win64; x64) AppleWebKit/537.36 (KHTML, like Gecko) Chrome/78.0.3904.108 Safari/537.36" "-"
156.146.56.0 - - [19/Apr/2022:04:18:59 +0200] "GET //?author=2 HTTP/1.1" 301 - lutonairport.taxi "-" "Mozilla/5.0 (Windows NT 10.0; Win64; x64) AppleWebKit/537.36 (KHTML, like Gecko) Chrome/78.0.3904.108 Safari/537.36" "-"
156.146.56.0 - - [19/Apr/2022:04:18:59 +0200] "GET //wp-json/wp/v2/users/ HTTP/1.1" 200 2865 lutonairport.taxi "-" "Mozilla/5.0 (Windows NT 10.0; Win64; x64) AppleWebKit/537.36 (KHTML, like Gecko) Chrome/78.0.3904.108 Safari/537.36" "-"
156.146.56.0 - - [19/Apr/2022:04:19:00 +0200] "GET //wp-json/oembed/1.0/embed?url=https://lutonairport.taxi/ HTTP/1.1" 200 2428 lutonairport.taxi "-" "Mozilla/5.0 (Windows NT 10.0; Win64; x64) AppleWebKit/537.36 (KHTML, like Gecko) Chrome/78.0.3904.108 Safari/537.36" "-"
156.146.56.0 - - [19/Apr/2022:04:19:01 +0200] "POST //xmlrpc.php HTTP/1.1" 200 401 lutonairport.taxi "-" "Mozilla/5.0 (Windows NT 10.0; Win64; x64) AppleWebKit/537.36 (KHTML, like Gecko) Chrome/78.0.3904.108 Safari/537.36" "-"
156.146.56.0 - - [19/Apr/2022:04:19:01 +0200] "POST //xmlrpc.php HTTP/1.1" 200 401 lutonairport.taxi "-" "Mozilla/5.0 (Windows NT 10.0; Win64; x64) AppleWebKit/537.36 (KHTML, like Gecko) Chrome/78.0.3904.108 Safari/537.36" "-"
156.146.56.0 - - [19/Apr/2022:04:19:02 +0200] "POST //xmlrpc.php HTTP/1.1" 200 401 lutonairport.taxi "-" "Mozilla/5.0 (Windows NT 10.0; Win64; x64) AppleWebKit/537.36 (KHTML, like Gecko) Chrome/78.0.3904.108 Safari/537.36" "-"
156.146.56.0 - - [19/Apr/2022:04:19:03 +0200] "POST //xmlrpc.php HTTP/1.1" 200 401 lutonairport.taxi "-" "Mozilla/5.0 (Windows NT 10.0; Win64; x64) AppleWebKit/537.36 (KHTML, like Gecko) Chrome/78.0.3904.108 Safari/537.36" "-"
156.146.56.0 - - [19/Apr/2022:04:19:04 +0200] "POST //xmlrpc.php HTTP/1.1" 200 401 lutonairport.taxi "-" "Mozilla/5.0 (Windows NT 10.0; Win64; x64) AppleWebKit/537.36 (KHTML, like Gecko) Chrome/78.0.3904.108 Safari/537.36" "-"
156.146.56.0 - - [19/Apr/2022:04:19:05 +0200] "POST //xmlrpc.php HTTP/1.1" 503 299 lutonairport.taxi "-" "Mozilla/5.0 (Windows NT 10.0; Win64; x64) AppleWebKit/537.36 (KHTML, like Gecko) Chrome/78.0.3904.108 Safari/537.36" "-"
107.152.254.0 - - [19/Apr/2022:04:23:37 +0200] "GET /contact_us/ HTTP/1.1" 200 24283 lutonairport.taxi "-" "Mozilla/5.0 (Windows NT 6.1) AppleWebKit/537.36 (KHTML, like Gecko) Chrome/58.0.3029.110 Safari/537.36 SE 2.X MetaSr 1.0" "-"
107.152.173.0 - - [19/Apr/2022:04:32:32 +0200] "GET /wp-content/plugins/contact-form-7/includes/js/scripts.js?ver=5.2 HTTP/1.1" 200 14105 lutonairport.taxi "https://lutonairport.taxi/contact_us/" "Mozilla/5.0 (Windows NT 6.1) AppleWebKit/537.36 (KHTML, like Gecko) Chrome/58.0.3029.110 Safari/537.36 SE 2.X MetaSr 1.0" "-"
107.152.173.0 - - [19/Apr/2022:04:32:33 +0200] "POST /wp-json/contact-form-7/v1/contact-forms/70/feedback HTTP/1.1" 200 188 lutonairport.taxi "https://lutonairport.taxi/contact_us/" "Mozilla/5.0 (Windows NT 6.1) AppleWebKit/537.36 (KHTML, like Gecko) Chrome/58.0.3029.110 Safari/537.36 SE 2.X MetaSr 1.0" "-"
82.165.87.0 - - [19/Apr/2022:04:51:42 +0200] "POST /wp-cron.php?doing_wp_cron=1650336702.6960790157318115234375 HTTP/1.1" 200 - lutonairport.taxi "https://lutonairport.taxi/wp-cron.php?doing_wp_cron=1650336702.6960790157318115234375" "WordPress/5.4.10; https://lutonairport.taxi" "-"
209.205.200.0 - - [19/Apr/2022:04:51:42 +0200] "POST /xmlrpc.php HTTP/1.1" 200 403 lutonairport.taxi "-" "Mozilla/5.0 (Linux; Android 10; HRY-LX1) AppleWebKit/537.36 (KHTML, like Gecko) Chrome/89.0.4389.105 Mobile Safari/537.36 OPR/63.3.3216.58675 wp-android/19.5" "-"
13.53.80.0 - - [19/Apr/2022:05:13:22 +0200] "GET / HTTP/1.1" 200 38871 lutonairport.taxi "-" "Mozilla/5.0 (Windows NT 10.0; Win64; x64) AppleWebKit/537.36 (KHTML, like Gecko) Chrome/91.0.4472.164 Safari/537.36" "-"
194.31.98.0 - - [19/Apr/2022:05:24:11 +0200] "GET / HTTP/1.1" 301 234 lutonairport.taxi "-" "python-requests/2.27.1" "-"
194.31.98.0 - - [19/Apr/2022:05:24:17 +0200] "GET / HTTP/1.1" 200 38871 lutonairport.taxi "-" "python-requests/2.27.1" "-"
194.31.98.0 - - [19/Apr/2022:05:24:24 +0200] "GET /.env HTTP/1.1" 301 238 lutonairport.taxi "-" "python-requests/2.27.1" "-"
194.31.98.0 - - [19/Apr/2022:05:24:33 +0200] "GET /.env HTTP/1.1" 404 18496 lutonairport.taxi "-" "python-requests/2.27.1" "-"
66.249.66.0 - - [19/Apr/2022:05:27:59 +0200] "GET / HTTP/1.1" 200 38871 lutonairport.taxi "-" "Mozilla/5.0 (Linux; Android 6.0.1; Nexus 5X Build/MMB29P) AppleWebKit/537.36 (KHTML, like Gecko) Chrome/99.0.4844.84 Mobile Safari/537.36 (compatible; Googlebot/2.1; +http://www.google.com/bot.html)" "-"
82.165.87.0 - - [19/Apr/2022:05:42:14 +0200] "POST /wp-cron.php?doing_wp_cron=1650339734.9099330902099609375000 HTTP/1.1" 200 - lutonairport.taxi "https://lutonairport.taxi/wp-cron.php?doing_wp_cron=1650339734.9099330902099609375000" "WordPress/5.4.10; https://lutonairport.taxi" "-"
2a00:5ba0:: - - [19/Apr/2022:05:42:14 +0200] "GET / HTTP/1.1" 200 38871 lutonairport.taxi "-" "Mozilla/5.0 (X11; Linux x86_64) AppleWebKit/537.36 (KHTML, like Gecko) Chrome/79.0.3945.79 Safari/537.36" "-"
40.77.167.0 - - [19/Apr/2022:05:47:45 +0200] "GET / HTTP/1.1" 301 234 lutonairport.taxi "-" "Mozilla/5.0 (compatible; bingbot/2.0; +http://www.bing.com/bingbot.htm)" "-"
66.249.66.0 - - [19/Apr/2022:05:50:33 +0200] "GET /wp-content/themes/lutontaxi/images/sanetize.svg HTTP/1.1" 200 1499 lutonairport.taxi "https://lutonairport.taxi/" "Mozilla/5.0 (Linux; Android 6.0.1; Nexus 5X Build/MMB29P) AppleWebKit/537.36 (KHTML, like Gecko) Chrome/100.0.4896.75 Mobile Safari/537.36 (compatible; Googlebot/2.1; +http://www.google.com/bot.html)" "-"
66.249.66.0 - - [19/Apr/2022:05:50:36 +0200] "GET /eto/assets/plugins/combodate/combodate.js HTTP/1.1" 200 7984 lutonairport.taxi "https://lutonairport.taxi/eto/booking/widget" "Mozilla/5.0 (Linux; Android 6.0.1; Nexus 5X Build/MMB29P) AppleWebKit/537.36 (KHTML, like Gecko) Chrome/100.0.4896.75 Mobile Safari/537.36 (compatible; Googlebot/2.1; +http://www.google.com/bot.html)" "-"
66.249.66.0 - - [19/Apr/2022:05:50:36 +0200] "GET /wp-content/themes/lutontaxi/images/book.svg HTTP/1.1" 200 4136 lutonairport.taxi "https://lutonairport.taxi/" "Mozilla/5.0 (Linux; Android 6.0.1; Nexus 5X Build/MMB29P) AppleWebKit/537.36 (KHTML, like Gecko) Chrome/100.0.4896.75 Mobile Safari/537.36 (compatible; Googlebot/2.1; +http://www.google.com/bot.html)" "-"
66.249.66.0 - - [19/Apr/2022:05:50:37 +0200] "GET /wp-content/themes/lutontaxi/images/apppay.svg HTTP/1.1" 200 2179 lutonairport.taxi "https://lutonairport.taxi/" "Mozilla/5.0 (Linux; Android 6.0.1; Nexus 5X Build/MMB29P) AppleWebKit/537.36 (KHTML, like Gecko) Chrome/100.0.4896.75 Mobile Safari/537.36 (compatible; Googlebot/2.1; +http://www.google.com/bot.html)" "-"
66.249.66.0 - - [19/Apr/2022:05:50:37 +0200] "GET /eto/assets/plugins/jquery-loading-overlay/loadingoverlay.min.js HTTP/1.1" 200 12037 lutonairport.taxi "https://lutonairport.taxi/eto/booking/widget" "Mozilla/5.0 (Linux; Android 6.0.1; Nexus 5X Build/MMB29P) AppleWebKit/537.36 (KHTML, like Gecko) Chrome/100.0.4896.75 Mobile Safari/537.36 (compatible; Googlebot/2.1; +http://www.google.com/bot.html)" "-"
66.249.66.0 - - [19/Apr/2022:05:50:37 +0200] "GET /eto/assets/plugins/ionicons/ionicons.min.css HTTP/1.1" 200 51279 lutonairport.taxi "https://lutonairport.taxi/eto/booking/widget" "Mozilla/5.0 (Linux; Android 6.0.1; Nexus 5X Build/MMB29P) AppleWebKit/537.36 (KHTML, like Gecko) Chrome/100.0.4896.75 Mobile Safari/537.36 (compatible; Googlebot/2.1; +http://www.google.com/bot.html)" "-"
66.249.66.0 - - [19/Apr/2022:05:50:37 +0200] "GET /eto/assets/plugins/jquery/jquery-migrate.min.js HTTP/1.1" 200 10056 lutonairport.taxi "https://lutonairport.taxi/eto/booking/widget" "Mozilla/5.0 (Linux; Android 6.0.1; Nexus 5X Build/MMB29P) AppleWebKit/537.36 (KHTML, like Gecko) Chrome/100.0.4896.75 Mobile Safari/537.36 (compatible; Googlebot/2.1; +http://www.google.com/bot.html)" "-"
66.249.66.0 - - [19/Apr/2022:05:50:38 +0200] "GET /wp-content/themes/lutontaxi/images/gpay.svg HTTP/1.1" 200 2684 lutonairport.taxi "https://lutonairport.taxi/" "Mozilla/5.0 (Linux; Android 6.0.1; Nexus 5X Build/MMB29P) AppleWebKit/537.36 (KHTML, like Gecko) Chrome/100.0.4896.75 Mobile Safari/537.36 (compatible; Googlebot/2.1; +http://www.google.com/bot.html)" "-"
66.249.66.0 - - [19/Apr/2022:05:50:38 +0200] "GET /wp-content/themes/lutontaxi/images/tele-icon.svg HTTP/1.1" 200 720 lutonairport.taxi "https://lutonairport.taxi/" "Mozilla/5.0 (Linux; Android 6.0.1; Nexus 5X Build/MMB29P) AppleWebKit/537.36 (KHTML, like Gecko) Chrome/100.0.4896.75 Mobile Safari/537.36 (compatible; Googlebot/2.1; +http://www.google.com/bot.html)" "-"
20.122.47.0 - - [19/Apr/2022:05:53:37 +0200] "GET / HTTP/1.1" 301 234 lutonairport.taxi "-" "python-requests/2.27.1" "-"
20.122.47.0 - - [19/Apr/2022:05:53:46 +0200] "GET / HTTP/1.1" 200 38871 lutonairport.taxi "-" "python-requests/2.27.1" "-"
146.70.29.0 - - [19/Apr/2022:06:07:59 +0200] "GET / HTTP/1.1" 301 234 lutonairport.taxi "-" "Mozilla/5.0 (Windows NT 10.0; Win64; x64) AppleWebKit/537.36 (KHTML, like Gecko) Chrome/78.0.3904.108 Safari/537.36" "-"
146.70.29.0 - - [19/Apr/2022:06:08:00 +0200] "GET / HTTP/1.1" 200 38871 lutonairport.taxi "-" "Mozilla/5.0 (Windows NT 10.0; Win64; x64) AppleWebKit/537.36 (KHTML, like Gecko) Chrome/78.0.3904.108 Safari/537.36" "-"
146.70.29.0 - - [19/Apr/2022:06:08:02 +0200] "GET //wp-includes/wlwmanifest.xml HTTP/1.1" 200 1045 lutonairport.taxi "-" "Mozilla/5.0 (Windows NT 10.0; Win64; x64) AppleWebKit/537.36 (KHTML, like Gecko) Chrome/78.0.3904.108 Safari/537.36" "-"
146.70.29.0 - - [19/Apr/2022:06:08:02 +0200] "GET //?author=1 HTTP/1.1" 301 - lutonairport.taxi "-" "Mozilla/5.0 (Windows NT 10.0; Win64; x64) AppleWebKit/537.36 (KHTML, like Gecko) Chrome/78.0.3904.108 Safari/537.36" "-"
146.70.29.0 - - [19/Apr/2022:06:08:03 +0200] "GET //?author=2 HTTP/1.1" 301 - lutonairport.taxi "-" "Mozilla/5.0 (Windows NT 10.0; Win64; x64) AppleWebKit/537.36 (KHTML, like Gecko) Chrome/78.0.3904.108 Safari/537.36" "-"
146.70.29.0 - - [19/Apr/2022:06:08:04 +0200] "GET //wp-json/wp/v2/users/ HTTP/1.1" 200 2865 lutonairport.taxi "-" "Mozilla/5.0 (Windows NT 10.0; Win64; x64) AppleWebKit/537.36 (KHTML, like Gecko) Chrome/78.0.3904.108 Safari/537.36" "-"
146.70.29.0 - - [19/Apr/2022:06:08:04 +0200] "GET //wp-json/oembed/1.0/embed?url=https://lutonairport.taxi/ HTTP/1.1" 200 2428 lutonairport.taxi "-" "Mozilla/5.0 (Windows NT 10.0; Win64; x64) AppleWebKit/537.36 (KHTML, like Gecko) Chrome/78.0.3904.108 Safari/537.36" "-"
146.70.29.0 - - [19/Apr/2022:06:08:05 +0200] "POST //xmlrpc.php HTTP/1.1" 200 401 lutonairport.taxi "-" "Mozilla/5.0 (Windows NT 10.0; Win64; x64) AppleWebKit/537.36 (KHTML, like Gecko) Chrome/78.0.3904.108 Safari/537.36" "-"
146.70.29.0 - - [19/Apr/2022:06:08:06 +0200] "POST //xmlrpc.php HTTP/1.1" 200 401 lutonairport.taxi "-" "Mozilla/5.0 (Windows NT 10.0; Win64; x64) AppleWebKit/537.36 (KHTML, like Gecko) Chrome/78.0.3904.108 Safari/537.36" "-"
146.70.29.0 - - [19/Apr/2022:06:08:07 +0200] "POST //xmlrpc.php HTTP/1.1" 200 401 lutonairport.taxi "-" "Mozilla/5.0 (Windows NT 10.0; Win64; x64) AppleWebKit/537.36 (KHTML, like Gecko) Chrome/78.0.3904.108 Safari/537.36" "-"
146.70.29.0 - - [19/Apr/2022:06:08:07 +0200] "POST //xmlrpc.php HTTP/1.1" 200 401 lutonairport.taxi "-" "Mozilla/5.0 (Windows NT 10.0; Win64; x64) AppleWebKit/537.36 (KHTML, like Gecko) Chrome/78.0.3904.108 Safari/537.36" "-"
146.70.29.0 - - [19/Apr/2022:06:08:08 +0200] "POST //xmlrpc.php HTTP/1.1" 200 401 lutonairport.taxi "-" "Mozilla/5.0 (Windows NT 10.0; Win64; x64) AppleWebKit/537.36 (KHTML, like Gecko) Chrome/78.0.3904.108 Safari/537.36" "-"
146.70.29.0 - - [19/Apr/2022:06:08:09 +0200] "POST //xmlrpc.php HTTP/1.1" 503 299 lutonairport.taxi "-" "Mozilla/5.0 (Windows NT 10.0; Win64; x64) AppleWebKit/537.36 (KHTML, like Gecko) Chrome/78.0.3904.108 Safari/537.36" "-"
82.156.185.0 - - [19/Apr/2022:06:08:25 +0200] "GET / HTTP/1.1" 200 38871 lutonairport.taxi "-" "Mozilla/5.0 (Linux; Android 6.0; Nexus 5 Build/MRA58N) AppleWebKit/537.36 (KHTML, like Gecko) Chrome/81.0.4044.138 Mobile Safari/537.36" "-"
66.249.66.0 - - [19/Apr/2022:06:15:16 +0200] "GET / HTTP/1.1" 200 38871 lutonairport.taxi "-" "Mozilla/5.0 (Linux; Android 6.0.1; Nexus 5X Build/MMB29P) AppleWebKit/537.36 (KHTML, like Gecko) Chrome/99.0.4844.84 Mobile Safari/537.36 (compatible; Googlebot/2.1; +http://www.google.com/bot.html)" "-"
150.158.139.0 - - [19/Apr/2022:06:19:35 +0200] "GET /xmlrpc.php HTTP/1.1" 405 42 lutonairport.taxi "-" "Mozilla/5.0 (Windows NT 6.1; WOW64; rv:45.0) Gecko/20100101 Firefox/45.0" "-"
150.158.139.0 - - [19/Apr/2022:06:19:37 +0200] "GET /wp-login.php HTTP/1.1" 200 5107 lutonairport.taxi "-" "Mozilla/5.0 (Windows NT 6.1; WOW64; rv:45.0) Gecko/20100101 Firefox/45.0" "-"
150.158.139.0 - - [19/Apr/2022:06:19:38 +0200] "GET /?author=1 HTTP/1.1" 301 - lutonairport.taxi "-" "Mozilla/5.0 (X11; U; Linux i686)Gecko/20071127 Firefox/2.0.0.11" "-"
150.158.139.0 - - [19/Apr/2022:06:19:39 +0200] "GET /author/cranberry/ HTTP/1.1" 200 32105 lutonairport.taxi "-" "Mozilla/5.0 (X11; U; Linux i686)Gecko/20071127 Firefox/2.0.0.11" "-"
150.158.139.0 - - [19/Apr/2022:06:19:40 +0200] "POST /xmlrpc.php HTTP/1.1" 200 403 lutonairport.taxi "https://lutonairport.taxi/xmlrpc.php" "python-requests/2.27.1" "-"
150.158.139.0 - - [19/Apr/2022:06:19:41 +0200] "POST /xmlrpc.php HTTP/1.1" 200 403 lutonairport.taxi "https://lutonairport.taxi/xmlrpc.php" "python-requests/2.27.1" "-"
150.158.139.0 - - [19/Apr/2022:06:19:42 +0200] "POST /xmlrpc.php HTTP/1.1" 200 403 lutonairport.taxi "https://lutonairport.taxi/xmlrpc.php" "python-requests/2.27.1" "-"
150.158.139.0 - - [19/Apr/2022:06:19:43 +0200] "POST /xmlrpc.php HTTP/1.1" 200 403 lutonairport.taxi "https://lutonairport.taxi/xmlrpc.php" "python-requests/2.27.1" "-"
150.158.139.0 - - [19/Apr/2022:06:19:44 +0200] "POST /xmlrpc.php HTTP/1.1" 200 403 lutonairport.taxi "https://lutonairport.taxi/xmlrpc.php" "python-requests/2.27.1" "-"
150.158.139.0 - - [19/Apr/2022:06:19:45 +0200] "POST /xmlrpc.php HTTP/1.1" 503 299 lutonairport.taxi "https://lutonairport.taxi/xmlrpc.php" "python-requests/2.27.1" "-"
150.158.139.0 - - [19/Apr/2022:06:19:46 +0200] "POST /xmlrpc.php HTTP/1.1" 503 299 lutonairport.taxi "https://lutonairport.taxi/xmlrpc.php" "python-requests/2.27.1" "-"
82.165.87.0 - - [19/Apr/2022:06:33:51 +0200] "POST /wp-cron.php?doing_wp_cron=1650342831.4028999805450439453125 HTTP/1.1" 200 - lutonairport.taxi "https://lutonairport.taxi/wp-cron.php?doing_wp_cron=1650342831.4028999805450439453125" "WordPress/5.4.10; https://lutonairport.taxi" "-"
150.158.103.0 - - [19/Apr/2022:06:33:51 +0200] "GET /xmlrpc.php HTTP/1.1" 405 42 lutonairport.taxi "-" "Mozilla/5.0 (Windows NT 6.1; WOW64; rv:45.0) Gecko/20100101 Firefox/45.0" "-"
150.158.103.0 - - [19/Apr/2022:06:33:52 +0200] "GET /wp-login.php HTTP/1.1" 200 5107 lutonairport.taxi "-" "Mozilla/5.0 (Windows NT 6.1; WOW64; rv:45.0) Gecko/20100101 Firefox/45.0" "-"
150.158.103.0 - - [19/Apr/2022:06:33:53 +0200] "GET /?author=1 HTTP/1.1" 301 - lutonairport.taxi "-" "Mozilla/5.0 (X11; U; Linux i686)Gecko/20071127 Firefox/2.0.0.11" "-"
150.158.103.0 - - [19/Apr/2022:06:33:54 +0200] "GET /author/cranberry/ HTTP/1.1" 200 32105 lutonairport.taxi "-" "Mozilla/5.0 (X11; U; Linux i686)Gecko/20071127 Firefox/2.0.0.11" "-"
150.158.103.0 - - [19/Apr/2022:06:33:56 +0200] "POST /xmlrpc.php HTTP/1.1" 200 403 lutonairport.taxi "https://lutonairport.taxi/xmlrpc.php" "python-requests/2.26.0" "-"
150.158.103.0 - - [19/Apr/2022:06:33:57 +0200] "POST /xmlrpc.php HTTP/1.1" 200 403 lutonairport.taxi "https://lutonairport.taxi/xmlrpc.php" "python-requests/2.26.0" "-"
150.158.103.0 - - [19/Apr/2022:06:33:58 +0200] "POST /xmlrpc.php HTTP/1.1" 200 403 lutonairport.taxi "https://lutonairport.taxi/xmlrpc.php" "python-requests/2.26.0" "-"
150.158.103.0 - - [19/Apr/2022:06:33:59 +0200] "POST /xmlrpc.php HTTP/1.1" 200 403 lutonairport.taxi "https://lutonairport.taxi/xmlrpc.php" "python-requests/2.26.0" "-"
150.158.103.0 - - [19/Apr/2022:06:34:00 +0200] "POST /xmlrpc.php HTTP/1.1" 200 403 lutonairport.taxi "https://lutonairport.taxi/xmlrpc.php" "python-requests/2.26.0" "-"
150.158.103.0 - - [19/Apr/2022:06:34:02 +0200] "POST /xmlrpc.php HTTP/1.1" 503 299 lutonairport.taxi "https://lutonairport.taxi/xmlrpc.php" "python-requests/2.26.0" "-"
150.158.103.0 - - [19/Apr/2022:06:34:02 +0200] "POST /xmlrpc.php HTTP/1.1" 503 299 lutonairport.taxi "https://lutonairport.taxi/xmlrpc.php" "python-requests/2.26.0" "-"
114.119.131.0 - - [19/Apr/2022:06:53:31 +0200] "GET /robots.txt HTTP/1.1" 301 244 lutonairport.taxi "-" "Mozilla/5.0 (Linux; Android 7.0;) AppleWebKit/537.36 (KHTML, like Gecko) Mobile Safari/537.36 (compatible; PetalBot;+https://webmaster.petalsearch.com/site/petalbot)" "-"
114.119.131.0 - - [19/Apr/2022:06:53:34 +0200] "GET /robots.txt HTTP/1.1" 200 67 lutonairport.taxi "-" "Mozilla/5.0 (Linux; Android 7.0;) AppleWebKit/537.36 (KHTML, like Gecko) Mobile Safari/537.36 (compatible; PetalBot;+https://webmaster.petalsearch.com/site/petalbot)" "-"
114.119.132.0 - - [19/Apr/2022:07:02:16 +0200] "GET /robots.txt HTTP/1.1" 200 67 lutonairport.taxi "-" "Mozilla/5.0 (Linux; Android 7.0;) AppleWebKit/537.36 (KHTML, like Gecko) Mobile Safari/537.36 (compatible; PetalBot;+https://webmaster.petalsearch.com/site/petalbot)" "-"
114.119.131.0 - - [19/Apr/2022:07:10:35 +0200] "GET / HTTP/1.1" 200 38871 lutonairport.taxi "-" "Mozilla/5.0 (Linux; Android 7.0;) AppleWebKit/537.36 (KHTML, like Gecko) Mobile Safari/537.36 (compatible; PetalBot;+https://webmaster.petalsearch.com/site/petalbot)" "-"
82.165.87.0 - - [19/Apr/2022:07:10:36 +0200] "POST /wp-cron.php?doing_wp_cron=1650345036.1283171176910400390625 HTTP/1.1" 200 - lutonairport.taxi "https://lutonairport.taxi/wp-cron.php?doing_wp_cron=1650345036.1283171176910400390625" "WordPress/5.4.10; https://lutonairport.taxi" "-"
109.248.175.0 - - [19/Apr/2022:07:17:50 +0200] "GET /wp-plug.php HTTP/1.1" 404 18496 lutonairport.taxi "-" "Mozilla/4.0 (compatible; MSIE 6.0; Windows NT 5.1; SV1)" "-"
212.227.216.0 - - [19/Apr/2022:07:28:06 +0200] "GET /robots.txt HTTP/1.1" 301 244 lutonairport.taxi "-" "IonCrawl (https://www.ionos.de/terms-gtc/faq-crawler-en/)" "-"
212.227.216.0 - - [19/Apr/2022:07:28:06 +0200] "GET /robots.txt HTTP/1.1" 200 67 lutonairport.taxi "-" "IonCrawl (https://www.ionos.de/terms-gtc/faq-crawler-en/)" "-"
212.227.216.0 - - [19/Apr/2022:07:31:21 +0200] "GET /sitemap.xml HTTP/1.1" 301 245 lutonairport.taxi "-" "IonCrawl (https://www.ionos.de/terms-gtc/faq-crawler-en/)" "-"
212.227.216.0 - - [19/Apr/2022:07:31:21 +0200] "GET /sitemap.xml HTTP/1.1" 301 - lutonairport.taxi "-" "IonCrawl (https://www.ionos.de/terms-gtc/faq-crawler-en/)" "-"
212.227.216.0 - - [19/Apr/2022:07:31:22 +0200] "GET /sitemap_index.xml HTTP/1.1" 200 790 lutonairport.taxi "-" "IonCrawl (https://www.ionos.de/terms-gtc/faq-crawler-en/)" "-"
212.227.216.0 - - [19/Apr/2022:07:31:23 +0200] "GET / HTTP/1.1" 301 234 lutonairport.taxi "-" "IonCrawl (https://www.ionos.de/terms-gtc/faq-crawler-en/)" "-"
212.227.216.0 - - [19/Apr/2022:07:31:24 +0200] "GET /wp-admin/admin-ajax.php HTTP/1.1" 301 257 lutonairport.taxi "-" "IonCrawl (https://www.ionos.de/terms-gtc/faq-crawler-en/)" "-"
212.227.216.0 - - [19/Apr/2022:07:31:24 +0200] "GET /wp-admin/admin-ajax.php HTTP/1.1" 400 1 lutonairport.taxi "-" "IonCrawl (https://www.ionos.de/terms-gtc/faq-crawler-en/)" "-"
212.227.216.0 - - [19/Apr/2022:07:32:26 +0200] "GET / HTTP/1.1" 200 38871 lutonairport.taxi "-" "IonCrawl (https://www.ionos.de/terms-gtc/faq-crawler-en/)" "-"
212.227.216.0 - - [19/Apr/2022:07:42:07 +0200] "GET /car/ HTTP/1.1" 200 28184 lutonairport.taxi "-" "IonCrawl (https://www.ionos.de/terms-gtc/faq-crawler-en/)" "-"
82.165.87.0 - - [19/Apr/2022:07:42:08 +0200] "POST /wp-cron.php?doing_wp_cron=1650346927.7371098995208740234375 HTTP/1.1" 200 - lutonairport.taxi "https://lutonairport.taxi/wp-cron.php?doing_wp_cron=1650346927.7371098995208740234375" "WordPress/5.4.10; https://lutonairport.taxi" "-"
212.227.216.0 - - [19/Apr/2022:07:42:10 +0200] "GET /demo/business-account/ HTTP/1.1" 301 - lutonairport.taxi "-" "IonCrawl (https://www.ionos.de/terms-gtc/faq-crawler-en/)" "-"
212.227.216.0 - - [19/Apr/2022:07:42:11 +0200] "GET /our-fleet/ HTTP/1.1" 200 28136 lutonairport.taxi "-" "IonCrawl (https://www.ionos.de/terms-gtc/faq-crawler-en/)" "-"
212.227.216.0 - - [19/Apr/2022:07:42:11 +0200] "GET /drive-for-us/ HTTP/1.1" 200 25687 lutonairport.taxi "-" "IonCrawl (https://www.ionos.de/terms-gtc/faq-crawler-en/)" "-"
212.227.216.0 - - [19/Apr/2022:07:42:12 +0200] "GET /about-us/ HTTP/1.1" 200 21609 lutonairport.taxi "-" "IonCrawl (https://www.ionos.de/terms-gtc/faq-crawler-en/)" "-"
212.227.216.0 - - [19/Apr/2022:07:42:14 +0200] "GET /contact_us/ HTTP/1.1" 200 24283 lutonairport.taxi "-" "IonCrawl (https://www.ionos.de/terms-gtc/faq-crawler-en/)" "-"
212.227.216.0 - - [19/Apr/2022:07:42:16 +0200] "GET /business-account/ HTTP/1.1" 200 25698 lutonairport.taxi "-" "IonCrawl (https://www.ionos.de/terms-gtc/faq-crawler-en/)" "-"
212.227.216.0 - - [19/Apr/2022:07:42:16 +0200] "GET / HTTP/1.1" 200 38871 lutonairport.taxi "-" "IonCrawl (https://www.ionos.de/terms-gtc/faq-crawler-en/)" "-"
94.231.103.0 - - [19/Apr/2022:08:03:00 +0200] "POST /xmlrpc.php HTTP/1.1" 200 403 lutonairport.taxi "-" "Mozilla/5.0 (Linux; Android 10; ANA-NX9) AppleWebKit/537.36 (KHTML, like Gecko) Chrome/94.0.4606.85 Mobile Safari/537.36 OPR/66.2.3445.62346 wp-android/19.5" "-"
216.16.85.0 - - [19/Apr/2022:08:06:35 +0200] "GET / HTTP/1.1" 301 234 lutonairport.taxi "-" "Mozilla/5.0 (Windows NT 10.0; rv:91.0) Gecko/20100101 Firefox/91.0" "-"
216.16.85.0 - - [19/Apr/2022:08:06:37 +0200] "GET / HTTP/1.1" 200 38871 lutonairport.taxi "-" "Mozilla/5.0 (Windows NT 10.0; rv:91.0) Gecko/20100101 Firefox/91.0" "-"
216.16.85.0 - - [19/Apr/2022:08:06:48 +0200] "GET / HTTP/1.1" 301 234 lutonairport.taxi "-" "Mozilla/5.0 (Windows NT 10.0; rv:91.0) Gecko/20100101 Firefox/91.0" "-"
216.16.85.0 - - [19/Apr/2022:08:06:48 +0200] "GET / HTTP/1.1" 200 38871 lutonairport.taxi "-" "Mozilla/5.0 (Windows NT 10.0; rv:91.0) Gecko/20100101 Firefox/91.0" "-"
216.16.85.0 - - [19/Apr/2022:08:06:58 +0200] "GET / HTTP/1.1" 301 238 www.lutonairport.taxi "-" "Mozilla/5.0 (Windows NT 10.0; rv:91.0) Gecko/20100101 Firefox/91.0" "-"
216.16.85.0 - - [19/Apr/2022:08:06:59 +0200] "GET / HTTP/1.1" 301 - www.lutonairport.taxi "-" "Mozilla/5.0 (Windows NT 10.0; rv:91.0) Gecko/20100101 Firefox/91.0" "-"
216.16.85.0 - - [19/Apr/2022:08:07:00 +0200] "GET / HTTP/1.1" 200 38871 lutonairport.taxi "-" "Mozilla/5.0 (Windows NT 10.0; rv:91.0) Gecko/20100101 Firefox/91.0" "-"
88.214.43.0 - - [19/Apr/2022:08:25:17 +0200] "GET /index.php?s=index/think%5Capp/invokefunction&function=call_user_func_array&vars[0]=assert&vars[1][]=phpinfo() HTTP/1.1" 301 355 lutonairport.taxi "-" "Mozilla/5.0 (X11; Linux x86_64) AppleWebKit/537.36 (KHTML, like Gecko) Chrome/81.0.4044.129 Safari/537.36" "-"
88.214.43.0 - - [19/Apr/2022:08:25:17 +0200] "POST /index.php?s=index/think%5Capp/invokefunction&function=call_user_func_array&vars[0]=assert&vars[1][]=phpinfo() HTTP/1.1" 301 355 lutonairport.taxi "-" "Mozilla/5.0 (X11; Linux x86_64) AppleWebKit/537.36 (KHTML, like Gecko) Chrome/81.0.4044.129 Safari/537.36" "-"
88.214.43.0 - - [19/Apr/2022:08:25:17 +0200] "GET /index.php?s=index/think%5Capp/invokefunction&function=call_user_func_array&vars[0]=assert&vars[1][]=phpinfo() HTTP/1.1" 200 18881 lutonairport.taxi "-" "Mozilla/5.0 (X11; Linux x86_64) AppleWebKit/537.36 (KHTML, like Gecko) Chrome/81.0.4044.129 Safari/537.36" "-"
23.235.194.0 - - [19/Apr/2022:09:06:03 +0200] "POST /xmlrpc.php HTTP/1.1" 200 403 lutonairport.taxi "-" "Mozilla/5.0 (Linux; Android 9; SM-G955F) AppleWebKit/537.36 (KHTML, like Gecko) Chrome/99.0.4844.58 Mobile Safari/537.36 wp-android/19.5" "-"
82.165.87.0 - - [19/Apr/2022:09:06:04 +0200] "POST /wp-cron.php?doing_wp_cron=1650351964.0647590160369873046875 HTTP/1.1" 200 - lutonairport.taxi "https://lutonairport.taxi/wp-cron.php?doing_wp_cron=1650351964.0647590160369873046875" "WordPress/5.4.10; https://lutonairport.taxi" "-"
109.248.175.0 - - [19/Apr/2022:09:15:01 +0200] "GET /wp-content/plugins/tatsu/README.txt HTTP/1.1" 404 18496 lutonairport.taxi "-" "Mozilla/4.0 (compatible; MSIE 6.0; Windows NT 5.1; SV1)" "-"
78.135.80.0 - - [19/Apr/2022:09:32:48 +0200] "GET /wp-includes/wp-class.php HTTP/1.1" 404 18496 lutonairport.taxi "-" "Mozilla/5.0 (Windows NT 10.0; Win64; x64; rv:81.0) Gecko/20100101 Firefox/81.0" "-"
78.135.80.0 - - [19/Apr/2022:09:32:48 +0200] "GET /wp-class.php HTTP/1.1" 404 18496 lutonairport.taxi "-" "Mozilla/5.0 (Windows NT 10.0; Win64; x64; rv:81.0) Gecko/20100101 Firefox/81.0" "-"
20.122.47.0 - - [19/Apr/2022:09:35:16 +0200] "GET / HTTP/1.1" 301 234 lutonairport.taxi "-" "Mozilla/5.0 (Windows NT 10.0; Win64; x64) AppleWebKit/537.36 (KHTML, like Gecko) Chrome/78.0.3904.108 Safari/537.36" "-"
82.165.87.0 - - [19/Apr/2022:09:35:17 +0200] "POST /wp-cron.php?doing_wp_cron=1650353717.5500509738922119140625 HTTP/1.1" 200 - lutonairport.taxi "https://lutonairport.taxi/wp-cron.php?doing_wp_cron=1650353717.5500509738922119140625" "WordPress/5.4.10; https://lutonairport.taxi" "-"
20.122.47.0 - - [19/Apr/2022:09:35:17 +0200] "GET / HTTP/1.1" 200 38871 lutonairport.taxi "-" "Mozilla/5.0 (Windows NT 10.0; Win64; x64) AppleWebKit/537.36 (KHTML, like Gecko) Chrome/78.0.3904.108 Safari/537.36" "-"
20.122.47.0 - - [19/Apr/2022:09:35:18 +0200] "GET //wp-includes/wlwmanifest.xml HTTP/1.1" 200 1045 lutonairport.taxi "-" "Mozilla/5.0 (Windows NT 10.0; Win64; x64) AppleWebKit/537.36 (KHTML, like Gecko) Chrome/78.0.3904.108 Safari/537.36" "-"
20.122.47.0 - - [19/Apr/2022:09:35:18 +0200] "GET //wp-login.php HTTP/1.1" 200 5107 lutonairport.taxi "-" "Mozilla/5.0 (Windows NT 10.0; Win64; x64) AppleWebKit/537.36 (KHTML, like Gecko) Chrome/78.0.3904.108 Safari/537.36" "-"
20.122.47.0 - - [19/Apr/2022:09:35:18 +0200] "GET //?author=1 HTTP/1.1" 301 - lutonairport.taxi "-" "Mozilla/5.0 (Windows NT 10.0; Win64; x64) AppleWebKit/537.36 (KHTML, like Gecko) Chrome/78.0.3904.108 Safari/537.36" "-"
20.122.47.0 - - [19/Apr/2022:09:35:18 +0200] "GET //?author=2 HTTP/1.1" 301 - lutonairport.taxi "-" "Mozilla/5.0 (Windows NT 10.0; Win64; x64) AppleWebKit/537.36 (KHTML, like Gecko) Chrome/78.0.3904.108 Safari/537.36" "-"
20.122.47.0 - - [19/Apr/2022:09:35:19 +0200] "GET //wp-json/wp/v2/users/ HTTP/1.1" 200 2865 lutonairport.taxi "-" "Mozilla/5.0 (Windows NT 10.0; Win64; x64) AppleWebKit/537.36 (KHTML, like Gecko) Chrome/78.0.3904.108 Safari/537.36" "-"
20.122.47.0 - - [19/Apr/2022:09:35:19 +0200] "GET //wp-json/oembed/1.0/embed?url=https://lutonairport.taxi/ HTTP/1.1" 200 2428 lutonairport.taxi "-" "Mozilla/5.0 (Windows NT 10.0; Win64; x64) AppleWebKit/537.36 (KHTML, like Gecko) Chrome/78.0.3904.108 Safari/537.36" "-"
20.122.47.0 - - [19/Apr/2022:09:35:20 +0200] "POST //xmlrpc.php HTTP/1.1" 503 299 lutonairport.taxi "-" "Mozilla/5.0 (Windows NT 10.0; Win64; x64) AppleWebKit/537.36 (KHTML, like Gecko) Chrome/78.0.3904.108 Safari/537.36" "-"
207.46.13.0 - - [19/Apr/2022:10:01:52 +0200] "GET / HTTP/1.1" 200 38871 lutonairport.taxi "-" "Mozilla/5.0 (compatible; bingbot/2.0; +http://www.bing.com/bingbot.htm)" "-"
207.46.13.0 - - [19/Apr/2022:10:02:08 +0200] "GET /wp-content/plugins/contact-form-7/includes/css/styles.css?ver=5.2 HTTP/1.1" 200 1917 lutonairport.taxi "-" "Mozilla/5.0 (compatible; bingbot/2.0; +http://www.bing.com/bingbot.htm)" "-"
40.77.167.0 - - [19/Apr/2022:10:02:09 +0200] "GET /wp-content/plugins/contact-form-7/includes/js/scripts.js?ver=5.2 HTTP/1.1" 200 14105 lutonairport.taxi "-" "Mozilla/5.0 (compatible; bingbot/2.0; +http://www.bing.com/bingbot.htm)" "-"
157.55.39.0 - - [19/Apr/2022:10:02:10 +0200] "GET /wp-content/themes/lutontaxi/images/chair.svg HTTP/1.1" 200 2463 lutonairport.taxi "-" "Mozilla/5.0 (compatible; bingbot/2.0; +http://www.bing.com/bingbot.htm)" "-"
207.46.13.0 - - [19/Apr/2022:10:02:10 +0200] "GET /wp-content/themes/lutontaxi/css/bootstrap.min.css HTTP/1.1" 200 140946 lutonairport.taxi "-" "Mozilla/5.0 (compatible; bingbot/2.0; +http://www.bing.com/bingbot.htm)" "-"
207.46.13.0 - - [19/Apr/2022:10:02:11 +0200] "GET /wp-content/themes/lutontaxi/images/tele-icon.svg HTTP/1.1" 200 720 lutonairport.taxi "-" "Mozilla/5.0 (compatible; bingbot/2.0; +http://www.bing.com/bingbot.htm)" "-"
40.77.167.0 - - [19/Apr/2022:10:02:12 +0200] "GET /wp-content/themes/lutontaxi/images/apppay.svg HTTP/1.1" 200 2179 lutonairport.taxi "-" "Mozilla/5.0 (compatible; bingbot/2.0; +http://www.bing.com/bingbot.htm)" "-"
157.55.39.0 - - [19/Apr/2022:10:02:12 +0200] "GET /wp-content/themes/lutontaxi/images/gloves.svg HTTP/1.1" 200 3179 lutonairport.taxi "-" "Mozilla/5.0 (compatible; bingbot/2.0; +http://www.bing.com/bingbot.htm)" "-"
207.46.13.0 - - [19/Apr/2022:10:02:13 +0200] "GET /wp-content/themes/lutontaxi/css/thenme-style.css HTTP/1.1" 200 24090 lutonairport.taxi "-" "Mozilla/5.0 (compatible; bingbot/2.0; +http://www.bing.com/bingbot.htm)" "-"
207.46.13.0 - - [19/Apr/2022:10:02:13 +0200] "GET /wp-content/themes/lutontaxi/js/iframeResizer.min.js HTTP/1.1" 200 13208 lutonairport.taxi "-" "Mozilla/5.0 (compatible; bingbot/2.0; +http://www.bing.com/bingbot.htm)" "-"
40.77.167.0 - - [19/Apr/2022:10:02:14 +0200] "GET /wp-content/themes/lutontaxi/images/book.svg HTTP/1.1" 200 4136 lutonairport.taxi "-" "Mozilla/5.0 (compatible; bingbot/2.0; +http://www.bing.com/bingbot.htm)" "-"
157.55.39.0 - - [19/Apr/2022:10:02:15 +0200] "GET /wp-content/themes/lutontaxi/images/mastercard.svg HTTP/1.1" 200 7423 lutonairport.taxi "-" "Mozilla/5.0 (compatible; bingbot/2.0; +http://www.bing.com/bingbot.htm)" "-"
207.46.13.0 - - [19/Apr/2022:10:02:16 +0200] "GET /wp-content/themes/lutontaxi/images/payapl.svg HTTP/1.1" 200 9234 lutonairport.taxi "-" "Mozilla/5.0 (compatible; bingbot/2.0; +http://www.bing.com/bingbot.htm)" "-"
157.55.39.0 - - [19/Apr/2022:10:02:16 +0200] "GET /eto/booking/widget HTTP/1.1" 200 40125 lutonairport.taxi "-" "Mozilla/5.0 (compatible; bingbot/2.0; +http://www.bing.com/bingbot.htm)" "-"
40.77.167.0 - - [19/Apr/2022:10:02:17 +0200] "GET /wp-content/themes/lutontaxi/images/express.svg HTTP/1.1" 200 8221 lutonairport.taxi "-" "Mozilla/5.0 (compatible; bingbot/2.0; +http://www.bing.com/bingbot.htm)" "-"
157.55.39.0 - - [19/Apr/2022:10:02:18 +0200] "GET /wp-content/themes/lutontaxi/js/bootstrap.min.js HTTP/1.1" 200 51045 lutonairport.taxi "-" "Mozilla/5.0 (compatible; bingbot/2.0; +http://www.bing.com/bingbot.htm)" "-"
207.46.13.0 - - [19/Apr/2022:10:02:19 +0200] "GET /wp-content/themes/lutontaxi/images/price.svg HTTP/1.1" 200 3745 lutonairport.taxi "-" "Mozilla/5.0 (compatible; bingbot/2.0; +http://www.bing.com/bingbot.htm)" "-"
157.55.39.0 - - [19/Apr/2022:10:02:19 +0200] "GET /wp-content/themes/lutontaxi/images/gpay.svg HTTP/1.1" 200 2684 lutonairport.taxi "-" "Mozilla/5.0 (compatible; bingbot/2.0; +http://www.bing.com/bingbot.htm)" "-"
40.77.167.0 - - [19/Apr/2022:10:02:20 +0200] "GET /wp-includes/css/dist/block-library/style.min.css?ver=5.4.10 HTTP/1.1" 200 53593 lutonairport.taxi "-" "Mozilla/5.0 (compatible; bingbot/2.0; +http://www.bing.com/bingbot.htm)" "-"
157.55.39.0 - - [19/Apr/2022:10:02:21 +0200] "GET /wp-content/themes/lutontaxi/js/theme-custom-js.js HTTP/1.1" 200 804 lutonairport.taxi "-" "Mozilla/5.0 (compatible; bingbot/2.0; +http://www.bing.com/bingbot.htm)" "-"
207.46.13.0 - - [19/Apr/2022:10:02:22 +0200] "GET /wp-content/themes/lutontaxi/images/sanetize.svg HTTP/1.1" 200 1499 lutonairport.taxi "-" "Mozilla/5.0 (compatible; bingbot/2.0; +http://www.bing.com/bingbot.htm)" "-"
157.55.39.0 - - [19/Apr/2022:10:02:22 +0200] "GET /wp-content/themes/lutontaxi/images/liicensedLight.svg HTTP/1.1" 200 5781 lutonairport.taxi "-" "Mozilla/5.0 (compatible; bingbot/2.0; +http://www.bing.com/bingbot.htm)" "-"
40.77.167.0 - - [19/Apr/2022:10:02:23 +0200] "GET /wp-includes/js/jquery/jquery.js?ver=1.12.4-wp HTTP/1.1" 200 96873 lutonairport.taxi "-" "Mozilla/5.0 (compatible; bingbot/2.0; +http://www.bing.com/bingbot.htm)" "-"
157.55.39.0 - - [19/Apr/2022:10:02:24 +0200] "GET /wp-includes/js/jquery/jquery-migrate.min.js?ver=1.4.1 HTTP/1.1" 200 10056 lutonairport.taxi "-" "Mozilla/5.0 (compatible; bingbot/2.0; +http://www.bing.com/bingbot.htm)" "-"
207.46.13.0 - - [19/Apr/2022:10:02:25 +0200] "GET /wp-content/themes/lutontaxi/images/smsnoti.svg HTTP/1.1" 200 4727 lutonairport.taxi "-" "Mozilla/5.0 (compatible; bingbot/2.0; +http://www.bing.com/bingbot.htm)" "-"
157.55.39.0 - - [19/Apr/2022:10:02:26 +0200] "GET /wp-content/themes/lutontaxi/js/jquery-3.3.1.min.js HTTP/1.1" 200 86927 lutonairport.taxi "-" "Mozilla/5.0 (compatible; bingbot/2.0; +http://www.bing.com/bingbot.htm)" "-"
40.77.167.0 - - [19/Apr/2022:10:02:26 +0200] "GET /wp-includes/js/wp-emoji-release.min.js?ver=5.4.10 HTTP/1.1" 200 13884 lutonairport.taxi "-" "Mozilla/5.0 (compatible; bingbot/2.0; +http://www.bing.com/bingbot.htm)" "-"
40.77.167.0 - - [19/Apr/2022:10:02:27 +0200] "GET /wp-content/plugins/easytaxioffice/js/iframeResizer.min.js?ver=3.6.2 HTTP/1.1" 200 13208 lutonairport.taxi "-" "Mozilla/5.0 (compatible; bingbot/2.0; +http://www.bing.com/bingbot.htm)" "-"
207.46.13.0 - - [19/Apr/2022:10:02:28 +0200] "GET /wp-content/themes/lutontaxi/images/world-icon.svg HTTP/1.1" 200 3340 lutonairport.taxi "-" "Mozilla/5.0 (compatible; bingbot/2.0; +http://www.bing.com/bingbot.htm)" "-"
157.55.39.0 - - [19/Apr/2022:10:02:29 +0200] "GET /wp-includes/js/wp-embed.min.js?ver=5.4.10 HTTP/1.1" 200 1426 lutonairport.taxi "-" "Mozilla/5.0 (compatible; bingbot/2.0; +http://www.bing.com/bingbot.htm)" "-"
40.77.167.0 - - [19/Apr/2022:10:02:30 +0200] "GET /wp-content/themes/lutontaxi/images/24-hours.svg HTTP/1.1" 200 7308 lutonairport.taxi "-" "Mozilla/5.0 (compatible; bingbot/2.0; +http://www.bing.com/bingbot.htm)" "-"
207.46.13.0 - - [19/Apr/2022:10:02:31 +0200] "GET /wp-content/themes/lutontaxi/js/comment-reply.js?ver=5.4.10 HTTP/1.1" 200 909 lutonairport.taxi "-" "Mozilla/5.0 (compatible; bingbot/2.0; +http://www.bing.com/bingbot.htm)" "-"
40.77.167.0 - - [19/Apr/2022:10:02:33 +0200] "GET /wp-content/themes/lutontaxi/images/mask.svg HTTP/1.1" 200 1081 lutonairport.taxi "-" "Mozilla/5.0 (compatible; bingbot/2.0; +http://www.bing.com/bingbot.htm)" "-"
40.77.167.0 - - [19/Apr/2022:10:02:36 +0200] "GET /wp-content/themes/lutontaxi/images/meet.svg HTTP/1.1" 200 9942 lutonairport.taxi "-" "Mozilla/5.0 (compatible; bingbot/2.0; +http://www.bing.com/bingbot.htm)" "-"
40.77.167.0 - - [19/Apr/2022:10:02:39 +0200] "GET /wp-content/themes/lutontaxi/images/plane.svg HTTP/1.1" 200 2323 lutonairport.taxi "-" "Mozilla/5.0 (compatible; bingbot/2.0; +http://www.bing.com/bingbot.htm)" "-"
40.77.167.0 - - [19/Apr/2022:10:02:42 +0200] "GET /wp-content/themes/lutontaxi/images/visa.svg HTTP/1.1" 200 2555 lutonairport.taxi "-" "Mozilla/5.0 (compatible; bingbot/2.0; +http://www.bing.com/bingbot.htm)" "-"
185.151.28.0 - - [19/Apr/2022:10:06:19 +0200] "HEAD / HTTP/1.1" 301 - www.lutonairport.taxi "-" "-" "-"
40.77.202.0 - - [19/Apr/2022:10:18:03 +0200] "GET /wp-content/themes/lutontaxi/style.css HTTP/1.1" 200 20026 lutonairport.taxi "https://lutonairport.taxi/" "Mozilla/5.0 (Windows NT 6.1; WOW64) AppleWebKit/534+ (KHTML, like Gecko) BingPreview/1.0b" "-"
40.77.202.0 - - [19/Apr/2022:10:18:04 +0200] "GET /eto/assets/plugins/bootstrap/bootstrap.min.css HTTP/1.1" 200 121183 lutonairport.taxi "https://lutonairport.taxi/eto/booking/widget" "Mozilla/5.0 (Windows NT 6.1; WOW64) AppleWebKit/534+ (KHTML, like Gecko) BingPreview/1.0b" "-"
40.77.202.0 - - [19/Apr/2022:10:18:04 +0200] "GET /eto/assets/plugins/ionicons/ionicons.min.css HTTP/1.1" 200 51279 lutonairport.taxi "https://lutonairport.taxi/eto/booking/widget" "Mozilla/5.0 (Windows NT 6.1; WOW64) AppleWebKit/534+ (KHTML, like Gecko) BingPreview/1.0b" "-"
40.77.202.0 - - [19/Apr/2022:10:18:04 +0200] "GET /eto/assets/css/AdminLTE.css?_dc=151508112 HTTP/1.1" 200 107105 lutonairport.taxi "https://lutonairport.taxi/eto/booking/widget" "Mozilla/5.0 (Windows NT 6.1; WOW64) AppleWebKit/534+ (KHTML, like Gecko) BingPreview/1.0b" "-"
40.77.202.0 - - [19/Apr/2022:10:18:04 +0200] "GET /eto/assets/plugins/font-awesome/font-awesome.min.css HTTP/1.1" 200 30982 lutonairport.taxi "https://lutonairport.taxi/eto/booking/widget" "Mozilla/5.0 (Windows NT 6.1; WOW64) AppleWebKit/534+ (KHTML, like Gecko) BingPreview/1.0b" "-"
40.77.202.0 - - [19/Apr/2022:10:18:05 +0200] "GET /eto/assets/plugins/sweetalert2/sweetalert2.min.css HTTP/1.1" 200 27093 lutonairport.taxi "https://lutonairport.taxi/eto/booking/widget" "Mozilla/5.0 (Windows NT 6.1; WOW64) AppleWebKit/534+ (KHTML, like Gecko) BingPreview/1.0b" "-"
40.77.202.0 - - [19/Apr/2022:10:18:05 +0200] "GET /eto/assets/plugins/jquery/jquery.min.js HTTP/1.1" 200 97163 lutonairport.taxi "https://lutonairport.taxi/eto/booking/widget" "Mozilla/5.0 (Windows NT 6.1; WOW64) AppleWebKit/534+ (KHTML, like Gecko) BingPreview/1.0b" "-"
40.77.202.0 - - [19/Apr/2022:10:18:05 +0200] "GET /eto/assets/plugins/jquery-webui-popover/jquery.webui-popover.min.css HTTP/1.1" 200 6777 lutonairport.taxi "https://lutonairport.taxi/eto/booking/widget" "Mozilla/5.0 (Windows NT 6.1; WOW64) AppleWebKit/534+ (KHTML, like Gecko) BingPreview/1.0b" "-"
40.77.202.0 - - [19/Apr/2022:10:18:05 +0200] "GET /eto/assets/plugins/bootstrap/bootstrap.min.js HTTP/1.1" 200 37083 lutonairport.taxi "https://lutonairport.taxi/eto/booking/widget" "Mozilla/5.0 (Windows NT 6.1; WOW64) AppleWebKit/534+ (KHTML, like Gecko) BingPreview/1.0b" "-"
40.77.202.0 - - [19/Apr/2022:10:18:05 +0200] "GET /eto/assets/plugins/bootstrap-datetimepicker/bootstrap-datetimepicker.min.css HTTP/1.1" 200 7771 lutonairport.taxi "https://lutonairport.taxi/eto/booking/widget" "Mozilla/5.0 (Windows NT 6.1; WOW64) AppleWebKit/534+ (KHTML, like Gecko) BingPreview/1.0b" "-"
40.77.202.0 - - [19/Apr/2022:10:18:05 +0200] "GET /eto/assets/css/booking.css?_dc=151508112 HTTP/1.1" 200 72639 lutonairport.taxi "https://lutonairport.taxi/eto/booking/widget" "Mozilla/5.0 (Windows NT 6.1; WOW64) AppleWebKit/534+ (KHTML, like Gecko) BingPreview/1.0b" "-"
40.77.202.0 - - [19/Apr/2022:10:18:05 +0200] "GET /eto/assets/plugins/jquery/jquery-migrate.min.js HTTP/1.1" 200 10056 lutonairport.taxi "https://lutonairport.taxi/eto/booking/widget" "Mozilla/5.0 (Windows NT 6.1; WOW64) AppleWebKit/534+ (KHTML, like Gecko) BingPreview/1.0b" "-"
40.77.202.0 - - [19/Apr/2022:10:18:05 +0200] "GET /eto/assets/plugins/jquery-loading-overlay/loadingoverlay.min.js HTTP/1.1" 200 12037 lutonairport.taxi "https://lutonairport.taxi/eto/booking/widget" "Mozilla/5.0 (Windows NT 6.1; WOW64) AppleWebKit/534+ (KHTML, like Gecko) BingPreview/1.0b" "-"
40.77.202.0 - - [19/Apr/2022:10:18:05 +0200] "GET /eto/assets/plugins/iframe-resizer/iframeResizer.contentWindow.min.js HTTP/1.1" 200 14420 lutonairport.taxi "https://lutonairport.taxi/eto/booking/widget" "Mozilla/5.0 (Windows NT 6.1; WOW64) AppleWebKit/534+ (KHTML, like Gecko) BingPreview/1.0b" "-"
40.77.202.0 - - [19/Apr/2022:10:18:05 +0200] "GET /eto/assets/plugins/moment/moment-with-locales.min.js HTTP/1.1" 200 207504 lutonairport.taxi "https://lutonairport.taxi/eto/booking/widget" "Mozilla/5.0 (Windows NT 6.1; WOW64) AppleWebKit/534+ (KHTML, like Gecko) BingPreview/1.0b" "-"
40.77.202.0 - - [19/Apr/2022:10:18:05 +0200] "GET /eto/assets/plugins/moment/moment-timezone-with-data.min.js HTTP/1.1" 200 930656 lutonairport.taxi "https://lutonairport.taxi/eto/booking/widget" "Mozilla/5.0 (Windows NT 6.1; WOW64) AppleWebKit/534+ (KHTML, like Gecko) BingPreview/1.0b" "-"
40.77.202.0 - - [19/Apr/2022:10:18:05 +0200] "GET /eto/assets/plugins/bootstrap-datetimepicker/bootstrap-datetimepicker.min.js HTTP/1.1" 200 37955 lutonairport.taxi "https://lutonairport.taxi/eto/booking/widget" "Mozilla/5.0 (Windows NT 6.1; WOW64) AppleWebKit/534+ (KHTML, like Gecko) BingPreview/1.0b" "-"
40.77.202.0 - - [19/Apr/2022:10:18:05 +0200] "GET /eto/assets/plugins/typeahead/typeahead.bundle.min.js HTTP/1.1" 200 44506 lutonairport.taxi "https://lutonairport.taxi/eto/booking/widget" "Mozilla/5.0 (Windows NT 6.1; WOW64) AppleWebKit/534+ (KHTML, like Gecko) BingPreview/1.0b" "-"
40.77.202.0 - - [19/Apr/2022:10:18:05 +0200] "GET /eto/assets/plugins/combodate/combodate.js HTTP/1.1" 200 7984 lutonairport.taxi "https://lutonairport.taxi/eto/booking/widget" "Mozilla/5.0 (Windows NT 6.1; WOW64) AppleWebKit/534+ (KHTML, like Gecko) BingPreview/1.0b" "-"
40.77.202.0 - - [19/Apr/2022:10:18:05 +0200] "GET /eto/assets/js/booking.js?_dc=151508112 HTTP/1.1" 200 543079 lutonairport.taxi "https://lutonairport.taxi/eto/booking/widget" "Mozilla/5.0 (Windows NT 6.1; WOW64) AppleWebKit/534+ (KHTML, like Gecko) BingPreview/1.0b" "-"
40.77.202.0 - - [19/Apr/2022:10:18:07 +0200] "GET /eto/assets/plugins/ionicons/fonts/ionicons.ttf?v=2.0.0 HTTP/1.1" 200 188508 lutonairport.taxi "https://lutonairport.taxi/eto/assets/plugins/ionicons/ionicons.min.css" "Mozilla/5.0 (Windows NT 6.1; WOW64) AppleWebKit/534+ (KHTML, like Gecko) BingPreview/1.0b" "-"
40.77.202.0 - - [19/Apr/2022:10:18:07 +0200] "GET /eto/assets/plugins/bootstrap/fonts/glyphicons-halflings-regular.woff2 HTTP/1.1" 200 18028 lutonairport.taxi "https://lutonairport.taxi/eto/assets/plugins/bootstrap/bootstrap.min.css" "Mozilla/5.0 (Windows NT 6.1; WOW64) AppleWebKit/534+ (KHTML, like Gecko) BingPreview/1.0b" "-"
40.77.202.0 - - [19/Apr/2022:10:18:07 +0200] "GET /eto/assets/plugins/font-awesome/fonts/fontawesome-webfont.woff2?v=4.7.0 HTTP/1.1" 200 77160 lutonairport.taxi "https://lutonairport.taxi/eto/assets/plugins/font-awesome/font-awesome.min.css" "Mozilla/5.0 (Windows NT 6.1; WOW64) AppleWebKit/534+ (KHTML, like Gecko) BingPreview/1.0b" "-"
103.15.20.0 - - [19/Apr/2022:10:26:43 +0200] "POST /xmlrpc.php HTTP/1.1" 200 403 lutonairport.taxi "-" "Mozilla/5.0 (Linux; Android 10; M2006C3LG) AppleWebKit/537.36 (KHTML, like Gecko) Chrome/98.0.4758.101 Mobile Safari/537.36 wp-android/19.5" "-"
82.165.87.0 - - [19/Apr/2022:10:43:22 +0200] "POST /wp-cron.php?doing_wp_cron=1650357802.3902869224548339843750 HTTP/1.1" 200 - lutonairport.taxi "https://lutonairport.taxi/wp-cron.php?doing_wp_cron=1650357802.3902869224548339843750" "WordPress/5.4.10; https://lutonairport.taxi" "-"
175.44.42.0 - - [19/Apr/2022:10:43:22 +0200] "GET / HTTP/1.1" 200 38871 lutonairport.taxi "https://www.kimblog.top/" "Mozilla/5.0 (iPhone; CPU iPhone OS 14_6 like Mac OS X) AppleWebKit/605.1.15 (KHTML, like Gecko) Version/14.0.3 Mobile/15E148 Safari/604.1" "-"
175.44.42.0 - - [19/Apr/2022:10:43:23 +0200] "GET /eto/booking/widget HTTP/1.1" 200 41195 lutonairport.taxi "https://lutonairport.taxi/" "Mozilla/5.0 (iPhone; CPU iPhone OS 14_6 like Mac OS X) AppleWebKit/605.1.15 (KHTML, like Gecko) Version/14.0.3 Mobile/15E148 Safari/604.1" "-"
40.77.167.0 - - [19/Apr/2022:11:18:24 +0200] "GET /robots.txt HTTP/1.1" 200 67 www.lutonairport.taxi "-" "Mozilla/5.0 (compatible; bingbot/2.0; +http://www.bing.com/bingbot.htm)" "-"
40.77.167.0 - - [19/Apr/2022:11:18:30 +0200] "GET /6-landscaping-methods-to-prevent-water-problems-9/ HTTP/1.1" 301 - www.lutonairport.taxi "-" "Mozilla/5.0 (compatible; bingbot/2.0; +http://www.bing.com/bingbot.htm)" "-"
